// Jest Snapshot v1, https://goo.gl/fbAQLP

exports[`checkbox is clicked 1`] = `undefined`;
