// Jest Snapshot v1, https://goo.gl/fbAQLP

exports[`Renders correctly 1`] = `
Object {
  "data": undefined,
  "headers": Object {},
  "method": "GET",
  "url": "http://127.0.0.1:36967/localhost:3000/panic2",
}
`;
